MPASM  5.50                  TPINTEGRADOR.ASM   5-11-2021  10:24:05         PAGE  1


LOC  OBJECT CODE     LINE SOURCE TEXT
  VALUE

                      00001 #INCLUDE <P16F84A.INC>
                      00001         LIST
                      00002 
                      00003 ;==========================================================================
                      00004 ;  MPASM PIC16F84A processor include
                      00005 ; 
                      00006 ;  (c) Copyright 1999-2013 Microchip Technology, All rights reserved
                      00007 ;==========================================================================
                      00008 
                      00208         LIST
Warning[205]: Found directive in column 1. (CBLOCK)
                      00002 CBLOCK 0x20
  00000020            00003 CONTADOR
Warning[205]: Found directive in column 1. (ENDC)
                      00004 ENDC
0000                  00005 SETUP
0000   1683           00006     BSF STATUS, RP0
0001   3002           00007     MOVLW 0x02
Message[302]: Register in operand not in bank 0.  Ensure that bank bits are correct.
0002   0086           00008     MOVWF TRISB
0003   3000           00009     MOVLW 0x00
Message[302]: Register in operand not in bank 0.  Ensure that bank bits are correct.
0004   0085           00010     MOVWF TRISA
Message[302]: Register in operand not in bank 0.  Ensure that bank bits are correct.
0005   1381           00011     BCF OPTION_REG, NOT_RBPU
0006   1283           00012     BCF STATUS, RP0
                      00013 
0007                  00014 MAIN
0007   3000           00015     MOVLW 0x00
0008   0085           00016     MOVWF PORTA
0009   280A           00017     GOTO LOOP
                      00018 
000A                  00019 LOOP
000A   1886           00020     BTFSC PORTB, RB1
000B   280A           00021     GOTO LOOP
000C   280D           00022     GOTO INCREMENTAR
                      00023 
000D                  00024 INCREMENTAR
Message[305]: Using default destination of 1 (file).
000D   0AA0           00025     INCF CONTADOR
000E   0820           00026     MOVFW CONTADOR
000F   0085           00027     MOVWF PORTA
Warning[207]: Found label after column 1. (ESPERAR)
0010                  00028     ESPERAR
0010   1886           00029         BTFSC PORTB, RB1
0011   280A           00030         GOTO LOOP
0012   2810           00031         GOTO ESPERAR
                      00032 
Warning[205]: Found directive in column 1. (END)
                      00033 END
MPASM  5.50                  TPINTEGRADOR.ASM   5-11-2021  10:24:05         PAGE  2


SYMBOL TABLE
  LABEL                             VALUE 

C                                 00000000
CONTADOR                          00000020
DC                                00000001
EEADR                             00000009
EECON1                            00000088
EECON2                            00000089
EEDATA                            00000008
EEIE                              00000006
EEIF                              00000004
ESPERAR                           00000010
F                                 00000001
FSR                               00000004
GIE                               00000007
INCREMENTAR                       0000000D
INDF                              00000000
INTCON                            0000000B
INTE                              00000004
INTEDG                            00000006
INTF                              00000001
IRP                               00000007
LOOP                              0000000A
MAIN                              00000007
NOT_PD                            00000003
NOT_RBPU                          00000007
NOT_TO                            00000004
OPTION_REG                        00000081
PCL                               00000002
PCLATH                            0000000A
PORTA                             00000005
PORTB                             00000006
PS0                               00000000
PS1                               00000001
PS2                               00000002
PSA                               00000003
RA0                               00000000
RA1                               00000001
RA2                               00000002
RA3                               00000003
RA4                               00000004
RB0                               00000000
RB1                               00000001
RB2                               00000002
RB3                               00000003
RB4                               00000004
RB5                               00000005
RB6                               00000006
RB7                               00000007
RBIE                              00000003
RBIF                              00000000
RD                                00000000
RP0                               00000005
RP1                               00000006
SETUP                             00000000
MPASM  5.50                  TPINTEGRADOR.ASM   5-11-2021  10:24:05         PAGE  3


SYMBOL TABLE
  LABEL                             VALUE 

STATUS                            00000003
T0CS                              00000005
T0IE                              00000005
T0IF                              00000002
T0SE                              00000004
TMR0                              00000001
TMR0IE                            00000005
TMR0IF                            00000002
TRISA                             00000085
TRISA0                            00000000
TRISA1                            00000001
TRISA2                            00000002
TRISA3                            00000003
TRISA4                            00000004
TRISB                             00000086
TRISB0                            00000000
TRISB1                            00000001
TRISB2                            00000002
TRISB3                            00000003
TRISB4                            00000004
TRISB5                            00000005
TRISB6                            00000006
TRISB7                            00000007
W                                 00000000
WR                                00000001
WREN                              00000002
WRERR                             00000003
Z                                 00000002
_CONFIG                           00002007
_CP_OFF                           00003FFF
_CP_ON                            0000000F
_DEVID1                           00002006
_FOSC_EXTRC                       00003FFF
_FOSC_HS                          00003FFE
_FOSC_LP                          00003FFC
_FOSC_XT                          00003FFD
_HS_OSC                           00003FFE
_IDLOC0                           00002000
_IDLOC1                           00002001
_IDLOC2                           00002002
_IDLOC3                           00002003
_LP_OSC                           00003FFC
_PWRTE_OFF                        00003FFF
_PWRTE_ON                         00003FF7
_RC_OSC                           00003FFF
_WDTE_OFF                         00003FFB
_WDTE_ON                          00003FFF
_WDT_OFF                          00003FFB
_WDT_ON                           00003FFF
_XT_OSC                           00003FFD
__16F84A                          00000001
__DEBUG                           1
MPASM  5.50                  TPINTEGRADOR.ASM   5-11-2021  10:24:05         PAGE  4


MEMORY USAGE MAP ('X' = Used,  '-' = Unused)


0000 : XXXXXXXXXXXXXXXX XXX------------- ---------------- ----------------

All other memory blocks unused.

Program Memory Words Used:    19
Program Memory Words Free:  1005


Errors   :     0
Warnings :     4 reported,     0 suppressed
Messages :     4 reported,     0 suppressed

