MPLINK 4.48, Linker
Linker Map File - Created Thu Apr 22 14:37:45 2021

                                 Section Info
                  Section       Type    Address   Location Size(Bytes)
                ---------  ---------  ---------  ---------  ---------
                   .org_0       code   0x000000    program   0x00001a



                              Program Memory Usage 
                               Start         End      
                           ---------   ---------      
                            0x000000    0x00000c      
            13 out of 1094 program addresses used, program memory utilization is 1%



                              Symbols - Sorted by Name
                     Name    Address   Location    Storage File                     
                ---------  ---------  ---------  --------- ---------                
                  ESPERAR   0x00000a    program     static C:\Users\usuario\Documents\GitHub\tps-embebidos\Proyectos MPLAB\TP4\Programa TP4.asm
              INCREMENTAR   0x000009    program     static C:\Users\usuario\Documents\GitHub\tps-embebidos\Proyectos MPLAB\TP4\Programa TP4.asm
                     LOOP   0x000006    program     static C:\Users\usuario\Documents\GitHub\tps-embebidos\Proyectos MPLAB\TP4\Programa TP4.asm
                     MAIN   0x000005    program     static C:\Users\usuario\Documents\GitHub\tps-embebidos\Proyectos MPLAB\TP4\Programa TP4.asm
                    SETUP   0x000000    program     static C:\Users\usuario\Documents\GitHub\tps-embebidos\Proyectos MPLAB\TP4\Programa TP4.asm



                              Symbols - Sorted by Address
                     Name    Address   Location    Storage File                     
                ---------  ---------  ---------  --------- ---------                
                    SETUP   0x000000    program     static C:\Users\usuario\Documents\GitHub\tps-embebidos\Proyectos MPLAB\TP4\Programa TP4.asm
                     MAIN   0x000005    program     static C:\Users\usuario\Documents\GitHub\tps-embebidos\Proyectos MPLAB\TP4\Programa TP4.asm
                     LOOP   0x000006    program     static C:\Users\usuario\Documents\GitHub\tps-embebidos\Proyectos MPLAB\TP4\Programa TP4.asm
              INCREMENTAR   0x000009    program     static C:\Users\usuario\Documents\GitHub\tps-embebidos\Proyectos MPLAB\TP4\Programa TP4.asm
                  ESPERAR   0x00000a    program     static C:\Users\usuario\Documents\GitHub\tps-embebidos\Proyectos MPLAB\TP4\Programa TP4.asm


